// Jest Snapshot v1, https://goo.gl/fbAQLP

exports[`Should render ActivityDashboard correctly 1`] = `
<Grid>
  <GridColumn
    width={10}
  >
    <Component
      activities={
        Array [
          Object {
            "category": "Fake Category 1",
            "city": "Fake City",
            "date": 2020-12-11T08:11:11.011Z,
            "description": "Fake description",
            "id": "1",
            "title": "Fake Activity 1",
            "venue": "Fake Venue",
          },
          Object {
            "category": "Fake Category 2",
            "city": "Fake City 2",
            "date": 2020-12-11T08:11:11.011Z,
            "description": "Fake description 2",
            "id": "2",
            "title": "Fake Activity 2",
            "venue": "Fake Venue 2",
          },
        ]
      }
    />
  </GridColumn>
</Grid>
`;
