// Jest Snapshot v1, https://goo.gl/fbAQLP

exports[`Should render ActivityList correctly 1`] = `
<Segment
  clearing={true}
>
  <ItemGroup
    divided={true}
  >
    <Item
      key="1"
    >
      <ItemContent>
        <ItemHeader
          as="a"
        >
          Fake Activity 1
        </ItemHeader>
        <ItemMeta>
          12/31/1969, 7:00:01 PM
        </ItemMeta>
        <ItemDescription>
          <div>
            Fake description
          </div>
          <div>
            Fake City
            , 
            Fake Venue
          </div>
        </ItemDescription>
        <ItemExtra>
          <Button
            as="button"
            color="blue"
            content="View"
            floated="right"
            onClick={[Function]}
          />
          <Label
            basic={true}
            content="Fake Category 1"
          />
        </ItemExtra>
      </ItemContent>
    </Item>
    <Item
      key="2"
    >
      <ItemContent>
        <ItemHeader
          as="a"
        >
          Fake Activity 2
        </ItemHeader>
        <ItemMeta>
          12/31/1969, 7:00:01 PM
        </ItemMeta>
        <ItemDescription>
          <div>
            Fake description 2
          </div>
          <div>
            Fake City 2
            , 
            Fake Venue 2
          </div>
        </ItemDescription>
        <ItemExtra>
          <Button
            as="button"
            color="blue"
            content="View"
            floated="right"
            onClick={[Function]}
          />
          <Label
            basic={true}
            content="Fake Category 2"
          />
        </ItemExtra>
      </ItemContent>
    </Item>
  </ItemGroup>
</Segment>
`;
