// Jest Snapshot v1, https://goo.gl/fbAQLP

exports[`Should render ActivityForm correctly 1`] = `
<Segment
  clearing={true}
>
  <Form
    as="form"
  >
    <FormInput
      as={[Function]}
      control={[Function]}
      placeholder="Title"
    />
    <FormTextArea
      as={[Function]}
      control={[Function]}
      placeholder="Description"
      rows={2}
    />
    <FormInput
      as={[Function]}
      control={[Function]}
      placeholder="Category"
    />
    <FormInput
      as={[Function]}
      control={[Function]}
      placeholder="Date"
      type="date"
    />
    <FormInput
      as={[Function]}
      control={[Function]}
      placeholder="City"
    />
    <FormInput
      as={[Function]}
      control={[Function]}
      placeholder="Venue"
    />
    <Button
      as="button"
      content="Submit"
      floated="right"
      positive={true}
      type="submit"
    />
    <Button
      as="button"
      content="Cancel"
      floated="right"
      onClick={[Function]}
      type="button"
    />
  </Form>
</Segment>
`;
