// Jest Snapshot v1, https://goo.gl/fbAQLP

exports[`Should render ActivityDetailedHeader correctly 1`] = `
<SegmentGroup>
  <Segment
    attached="top"
    basic={true}
    style={
      Object {
        "padding": "0",
      }
    }
  >
    <Image
      as="img"
      fluid={true}
      src="/assets/categoryImages/Fake Category 1.jpg"
      style={
        Object {
          "filter": "brightness(30%)",
        }
      }
      ui={true}
    />
    <Segment
      basic={true}
      style={
        Object {
          "bottom": "5%",
          "color": "white",
          "height": "auto",
          "left": "5%",
          "position": "absolute",
          "width": "100%",
        }
      }
    >
      <ItemGroup>
        <Item>
          <ItemContent>
            <Header
              content="Fake Activity 1"
              size="huge"
              style={
                Object {
                  "color": "white",
                }
              }
            />
            <p>
              Friday 24th December
            </p>
            <p>
              Hosted by 
              <strong>
                Cancan
              </strong>
            </p>
          </ItemContent>
        </Item>
      </ItemGroup>
    </Segment>
  </Segment>
  <Segment
    attached="bottom"
    clearing={true}
  >
    <Button
      as="button"
      color="teal"
    >
      Join Activity
    </Button>
    <Button
      as="button"
    >
      Cancel attendance
    </Button>
    <Button
      as={
        Object {
          "$$typeof": Symbol(react.forward_ref),
          "displayName": "Link",
          "propTypes": Object {
            "innerRef": [Function],
            "onClick": [Function],
            "replace": [Function],
            "target": [Function],
            "to": [Function],
          },
          "render": [Function],
        }
      }
      color="orange"
      floated="right"
      to="/manage/1"
    >
      Manage Event
    </Button>
  </Segment>
</SegmentGroup>
`;
