// Jest Snapshot v1, https://goo.gl/fbAQLP

exports[`Should render ActivityDetailedInfo, correctly 1`] = `
<SegmentGroup>
  <Segment
    attached="top"
  >
    <Grid>
      <GridColumn
        width={1}
      >
        <Icon
          as="i"
          color="teal"
          name="info"
          size="large"
        />
      </GridColumn>
      <GridColumn
        width={15}
      >
        <p>
          Fake description
        </p>
      </GridColumn>
    </Grid>
  </Segment>
  <Segment
    attached={true}
  >
    <Grid
      verticalAlign="middle"
    >
      <GridColumn
        width={1}
      >
        <Icon
          as="i"
          color="teal"
          name="calendar"
          size="large"
        />
      </GridColumn>
      <GridColumn
        width={15}
      >
        <span>
          2020-02-02T16:16:16
        </span>
      </GridColumn>
    </Grid>
  </Segment>
  <Segment
    attached={true}
  >
    <Grid
      verticalAlign="middle"
    >
      <GridColumn
        width={1}
      >
        <Icon
          as="i"
          color="teal"
          name="marker"
          size="large"
        />
      </GridColumn>
      <GridColumn
        width={11}
      >
        <span>
          Fake Venue
          , 
          Fake City
        </span>
      </GridColumn>
    </Grid>
  </Segment>
</SegmentGroup>
`;
