// Jest Snapshot v1, https://goo.gl/fbAQLP

exports[`Should render Homepage correctly 1`] = `
<Segment
  className="masthead"
  inverted={true}
  textAlign="center"
  vertical={true}
>
  <Container
    text={true}
  >
    <Header
      as="h1"
      inverted={true}
    >
      <Image
        alt="logo"
        as="img"
        size="massive"
        src="/assets/logo.png"
        style={
          Object {
            "marginBottom": 12,
          }
        }
        ui={true}
      />
      social-me-die
    </Header>
    <Header
      as="h2"
      content="Welcome to my little social media experiment"
      inverted={true}
    />
    <Button
      as={
        Object {
          "$$typeof": Symbol(react.forward_ref),
          "displayName": "Link",
          "propTypes": Object {
            "innerRef": [Function],
            "onClick": [Function],
            "replace": [Function],
            "target": [Function],
            "to": [Function],
          },
          "render": [Function],
        }
      }
      inverted={true}
      size="huge"
      to="/activities"
    >
      Take me to the activities!
    </Button>
  </Container>
</Segment>
`;
