// Jest Snapshot v1, https://goo.gl/fbAQLP

exports[`Should render NavBar correctly 1`] = `
<Menu
  fixed="top"
  inverted={true}
>
  <Container>
    <MenuItem
      as={
        Object {
          "$$typeof": Symbol(react.forward_ref),
          "displayName": "NavLink",
          "propTypes": Object {
            "activeClassName": [Function],
            "activeStyle": [Function],
            "aria-current": [Function],
            "className": [Function],
            "exact": [Function],
            "innerRef": [Function],
            "isActive": [Function],
            "location": [Function],
            "onClick": [Function],
            "replace": [Function],
            "sensitive": [Function],
            "strict": [Function],
            "style": [Function],
            "target": [Function],
            "to": [Function],
          },
          "render": [Function],
        }
      }
      exact={true}
      header={true}
      to="/"
    >
      <img
        alt="logo"
        src="/assets/logo.png"
        style={
          Object {
            "marginRight": "10px",
          }
        }
      />
      Social Me Die
    </MenuItem>
    <MenuItem
      as={
        Object {
          "$$typeof": Symbol(react.forward_ref),
          "displayName": "NavLink",
          "propTypes": Object {
            "activeClassName": [Function],
            "activeStyle": [Function],
            "aria-current": [Function],
            "className": [Function],
            "exact": [Function],
            "innerRef": [Function],
            "isActive": [Function],
            "location": [Function],
            "onClick": [Function],
            "replace": [Function],
            "sensitive": [Function],
            "strict": [Function],
            "style": [Function],
            "target": [Function],
            "to": [Function],
          },
          "render": [Function],
        }
      }
      name="Activities"
      to="/activities"
    />
    <MenuItem>
      <Button
        as={
          Object {
            "$$typeof": Symbol(react.forward_ref),
            "displayName": "NavLink",
            "propTypes": Object {
              "activeClassName": [Function],
              "activeStyle": [Function],
              "aria-current": [Function],
              "className": [Function],
              "exact": [Function],
              "innerRef": [Function],
              "isActive": [Function],
              "location": [Function],
              "onClick": [Function],
              "replace": [Function],
              "sensitive": [Function],
              "strict": [Function],
              "style": [Function],
              "target": [Function],
              "to": [Function],
            },
            "render": [Function],
          }
        }
        content="Create Activity"
        positive={true}
        to="/createActivity"
      />
    </MenuItem>
  </Container>
</Menu>
`;
